This is pdfTeX, Version 3.141592653-2.6-1.40.29 (TeX Live 2026) (preloaded format=pdflatex)
 restricted \write18 enabled.
entering extended mode
(./Jimmy_Final_Draft_check.tex
LaTeX2e <2025-11-01>
L3 programming layer <2026-01-19>
(/usr/local/texlive/2026/texmf-dist/tex/latex/base/article.cls
Document Class: article 2025/01/22 v1.4n Standard LaTeX document class
(/usr/local/texlive/2026/texmf-dist/tex/latex/base/size11.clo))
(/usr/local/texlive/2026/texmf-dist/tex/latex/geometry/geometry.sty
(/usr/local/texlive/2026/texmf-dist/tex/latex/graphics/keyval.sty)
(/usr/local/texlive/2026/texmf-dist/tex/generic/iftex/ifvtex.sty
(/usr/local/texlive/2026/texmf-dist/tex/generic/iftex/iftex.sty)))
(/usr/local/texlive/2026/texmf-dist/tex/latex/amsmath/amsmath.sty
For additional information on amsmath, use the `?' option.
(/usr/local/texlive/2026/texmf-dist/tex/latex/amsmath/amstext.sty
(/usr/local/texlive/2026/texmf-dist/tex/latex/amsmath/amsgen.sty))
(/usr/local/texlive/2026/texmf-dist/tex/latex/amsmath/amsbsy.sty)
(/usr/local/texlive/2026/texmf-dist/tex/latex/amsmath/amsopn.sty))
(/usr/local/texlive/2026/texmf-dist/tex/latex/graphics/graphicx.sty
(/usr/local/texlive/2026/texmf-dist/tex/latex/graphics/graphics.sty
(/usr/local/texlive/2026/texmf-dist/tex/latex/graphics/trig.sty)
(/usr/local/texlive/2026/texmf-dist/tex/latex/graphics-cfg/graphics.cfg)
(/usr/local/texlive/2026/texmf-dist/tex/latex/graphics-def/pdftex.def)))
(/usr/local/texlive/2026/texmf-dist/tex/latex/booktabs/booktabs.sty)
(/usr/local/texlive/2026/texmf-dist/tex/latex/tools/longtable.sty)
(/usr/local/texlive/2026/texmf-dist/tex/latex/caption/caption.sty
(/usr/local/texlive/2026/texmf-dist/tex/latex/caption/caption3.sty)
(/usr/local/texlive/2026/texmf-dist/tex/latex/caption/ltcaption.sty))
(/usr/local/texlive/2026/texmf-dist/tex/latex/l3backend/l3backend-pdftex.def)
(./Jimmy_Final_Draft_check.aux)
*geometry* driver: auto-detecting
*geometry* detected driver: pdftex
(/usr/local/texlive/2026/texmf-dist/tex/context/base/mkii/supp-pdf.mkii
[Loading MPS to PDF converter (version 2006.09.02).]
) (/usr/local/texlive/2026/texmf-dist/tex/latex/epstopdf-pkg/epstopdf-base.sty
(/usr/local/texlive/2026/texmf-dist/tex/latex/latexconfig/epstopdf-sys.cfg))
Underfull \hbox (badness 7907) in paragraph at lines 41--41
[]|\OT1/cmr/m/n/10.95 Distance be-tween Slit and

Underfull \hbox (badness 4739) in paragraph at lines 43--44
[]|\OT1/cmr/m/n/10.95 One pic-ture will be taken
 [1{/usr/local/texlive/2026/texmf-var/fonts/map/pdftex/updmap/pdftex.map}]
[2 <./Images/JimmyDraft/image1.jpeg>]
Underfull \hbox (badness 2573) in paragraph at lines 71--71
[]|\OT1/cmr/m/n/10.95 Pixels per cm square side

Underfull \hbox (badness 2573) in paragraph at lines 72--72
[]|\OT1/cmr/m/n/10.95 Pixels per cm square side

Underfull \hbox (badness 2573) in paragraph at lines 73--73
[]|\OT1/cmr/m/n/10.95 Pixels per cm square side

Overfull \hbox (4.04811pt too wide) in paragraph at lines 74--74
[]|\OT1/cmr/m/n/10.95 150.4461667| 

Underfull \hbox (badness 1237) in paragraph at lines 97--97
[]|\OT1/cmr/m/n/10.95 Average fringe dis-place-ment

Overfull \hbox (4.04811pt too wide) in paragraph at lines 97--97
[]|\OT1/cmr/m/n/10.95 4.119882353| 

Underfull \hbox (badness 10000) in paragraph at lines 98--98
[]|\OT1/cmr/m/n/10.95 Expected/Calculated Value

Underfull \hbox (badness 1286) in paragraph at lines 99--99
[]|\OT1/cmr/m/n/10.95 Distance be-tween laser and

Underfull \hbox (badness 2126) in paragraph at lines 100--100
[]|\OT1/cmr/m/n/10.95 uncertainty of dis-tance be-

Overfull \hbox (37.91837pt too wide) in alignment at lines 66--102
 [] [] [] [] [] [] [] 
[3 <./Images/JimmyDraft/image2.jpeg> <./Images/JimmyDraft/image3.png> <./Images
/JimmyDraft/image4.png> <./Images/JimmyDraft/image5.png>] [4]
Underfull \hbox (badness 10000) in paragraph at lines 129--129
[]|\OT1/cmr/m/n/10.95 only clear

Underfull \hbox (badness 10000) in paragraph at lines 129--129
\OT1/cmr/m/n/10.95 data is

Underfull \hbox (badness 10000) in paragraph at lines 129--129
[]|\OT1/cmr/m/n/10.95 only clear

Underfull \hbox (badness 10000) in paragraph at lines 129--129
\OT1/cmr/m/n/10.95 data is

Underfull \hbox (badness 10000) in paragraph at lines 129--129
[]|\OT1/cmr/m/n/10.95 surprisingly

Underfull \hbox (badness 10000) in paragraph at lines 129--130
[]|\OT1/cmr/m/n/10.95 surprisingly

Overfull \hbox (1.48628pt too wide) in paragraph at lines 136--136
[]|\OT1/cmr/m/n/10.95 5.246733333| 

Overfull \hbox (1.48628pt too wide) in paragraph at lines 136--136
[]|\OT1/cmr/m/n/10.95 5.840387097| 

Overfull \hbox (1.48628pt too wide) in paragraph at lines 136--136
[]|\OT1/cmr/m/n/10.95 6.468451613| 

Overfull \hbox (1.48628pt too wide) in paragraph at lines 136--136
[]|\OT1/cmr/m/n/10.95 6.451115385| 

Overfull \hbox (34.57869pt too wide) in alignment at lines 104--141
 [] [] [] [] [] [] [] [] 
 [5] [6]
Underfull \hbox (badness 10000) in paragraph at lines 183--183
\OT1/cmr/m/n/10.95 with 100cm

Underfull \hbox (badness 10000) in paragraph at lines 183--183
\OT1/cmr/m/n/10.95 and closeby

Underfull \hbox (badness 10000) in paragraph at lines 183--183
\OT1/cmr/m/n/10.95 ad-di-tional

Underfull \hbox (badness 10000) in paragraph at lines 183--183
\OT1/cmr/m/n/10.95 mea-sure-ment

Underfull \hbox (badness 10000) in paragraph at lines 183--183
\OT1/cmr/m/n/10.95 is deemed

Underfull \hbox (badness 2990) in paragraph at lines 188--188
\OT1/cmr/m/n/10.95 for this dis-

Underfull \hbox (badness 10000) in paragraph at lines 192--192
[]|\OT1/cmr/m/n/10.95 One er-ror

Underfull \hbox (badness 10000) in paragraph at lines 192--192
\OT1/cmr/m/n/10.95 max ex-po-

Underfull \hbox (badness 10000) in paragraph at lines 192--192
\OT1/cmr/m/n/10.95 edge don't,

Underfull \hbox (badness 10000) in paragraph at lines 192--192
\OT1/cmr/m/n/10.95 the point

Underfull \hbox (badness 10000) in paragraph at lines 192--192
\OT1/cmr/m/n/10.95 of ex-po-sure

Underfull \hbox (badness 10000) in paragraph at lines 192--192
\OT1/cmr/m/n/10.95 change to

Underfull \hbox (badness 10000) in paragraph at lines 192--192
\OT1/cmr/m/n/10.95 could also

Underfull \hbox (badness 3312) in paragraph at lines 192--192
\OT1/cmr/m/n/10.95 ef-fect as we

Underfull \hbox (badness 10000) in paragraph at lines 192--192
[]|\OT1/cmr/m/n/10.95 One er-ror

Underfull \hbox (badness 10000) in paragraph at lines 192--192
\OT1/cmr/m/n/10.95 max ex-po-

Underfull \hbox (badness 10000) in paragraph at lines 192--192
\OT1/cmr/m/n/10.95 edge don't,

Underfull \hbox (badness 10000) in paragraph at lines 192--192
\OT1/cmr/m/n/10.95 the point

Underfull \hbox (badness 10000) in paragraph at lines 192--192
\OT1/cmr/m/n/10.95 of ex-po-sure

Underfull \hbox (badness 10000) in paragraph at lines 192--192
\OT1/cmr/m/n/10.95 change to

Underfull \hbox (badness 10000) in paragraph at lines 192--192
\OT1/cmr/m/n/10.95 could also

Underfull \hbox (badness 3312) in paragraph at lines 192--192
\OT1/cmr/m/n/10.95 ef-fect as we

Underfull \hbox (badness 1997) in paragraph at lines 192--192
[]|\OT1/cmr/m/n/10.95 last one not
 [7]
Underfull \hbox (badness 4779) in paragraph at lines 232--232
[]|\OT1/cmr/m/n/10.95 Able to see

Underfull \hbox (badness 10000) in paragraph at lines 232--232
\OT1/cmr/m/n/10.95 bet-ter with

Underfull \hbox (badness 10000) in paragraph at lines 232--232
\OT1/cmr/m/n/10.95 prac-tice.

Underfull \hbox (badness 10000) in paragraph at lines 232--232
\OT1/cmr/m/n/10.95 (Could've

Underfull \hbox (badness 10000) in paragraph at lines 232--232
\OT1/cmr/m/n/10.95 re-done the

Underfull \hbox (badness 10000) in paragraph at lines 232--232
\OT1/cmr/m/n/10.95 be-gin-ning

Underfull \hbox (badness 10000) in paragraph at lines 232--232
\OT1/cmr/m/n/10.95 ones for

Underfull \hbox (badness 10000) in paragraph at lines 232--232
\OT1/cmr/m/n/10.95 bet-ter ac-

Underfull \hbox (badness 10000) in paragraph at lines 232--232
\OT1/cmr/m/n/10.95 cu-racy, but

Underfull \hbox (badness 4846) in paragraph at lines 232--232
\OT1/cmr/m/n/10.95 out of time

Underfull \hbox (badness 4779) in paragraph at lines 232--232
[]|\OT1/cmr/m/n/10.95 Able to see

Underfull \hbox (badness 10000) in paragraph at lines 232--232
\OT1/cmr/m/n/10.95 bet-ter with

Underfull \hbox (badness 10000) in paragraph at lines 232--232
\OT1/cmr/m/n/10.95 prac-tice.

Underfull \hbox (badness 10000) in paragraph at lines 232--232
\OT1/cmr/m/n/10.95 (Could've

Underfull \hbox (badness 10000) in paragraph at lines 232--232
\OT1/cmr/m/n/10.95 re-done the

Underfull \hbox (badness 10000) in paragraph at lines 232--232
\OT1/cmr/m/n/10.95 be-gin-ning

Underfull \hbox (badness 10000) in paragraph at lines 232--232
\OT1/cmr/m/n/10.95 ones for

Underfull \hbox (badness 10000) in paragraph at lines 232--232
\OT1/cmr/m/n/10.95 bet-ter ac-

Underfull \hbox (badness 10000) in paragraph at lines 232--232
\OT1/cmr/m/n/10.95 cu-racy, but

Underfull \hbox (badness 4846) in paragraph at lines 232--232
\OT1/cmr/m/n/10.95 out of time

Underfull \hbox (badness 4779) in paragraph at lines 232--232
[]|\OT1/cmr/m/n/10.95 Able to see

Underfull \hbox (badness 10000) in paragraph at lines 232--232
\OT1/cmr/m/n/10.95 bet-ter with

Underfull \hbox (badness 10000) in paragraph at lines 232--232
\OT1/cmr/m/n/10.95 prac-tice.

Underfull \hbox (badness 10000) in paragraph at lines 232--232
\OT1/cmr/m/n/10.95 (Could've

Underfull \hbox (badness 10000) in paragraph at lines 232--232
\OT1/cmr/m/n/10.95 re-done the

Underfull \hbox (badness 10000) in paragraph at lines 232--232
\OT1/cmr/m/n/10.95 be-gin-ning

Underfull \hbox (badness 10000) in paragraph at lines 232--232
\OT1/cmr/m/n/10.95 ones for

Underfull \hbox (badness 10000) in paragraph at lines 232--232
\OT1/cmr/m/n/10.95 bet-ter ac-

Underfull \hbox (badness 10000) in paragraph at lines 232--232
\OT1/cmr/m/n/10.95 cu-racy, but

Underfull \hbox (badness 4846) in paragraph at lines 232--232
\OT1/cmr/m/n/10.95 out of time

Underfull \hbox (badness 4779) in paragraph at lines 232--233
[]|\OT1/cmr/m/n/10.95 Able to see

Underfull \hbox (badness 10000) in paragraph at lines 232--233
\OT1/cmr/m/n/10.95 bet-ter with

Underfull \hbox (badness 10000) in paragraph at lines 232--233
\OT1/cmr/m/n/10.95 prac-tice.

Underfull \hbox (badness 10000) in paragraph at lines 232--233
\OT1/cmr/m/n/10.95 (Could've

Underfull \hbox (badness 10000) in paragraph at lines 232--233
\OT1/cmr/m/n/10.95 re-done the

Underfull \hbox (badness 10000) in paragraph at lines 232--233
\OT1/cmr/m/n/10.95 be-gin-ning

Underfull \hbox (badness 10000) in paragraph at lines 232--233
\OT1/cmr/m/n/10.95 ones for

Underfull \hbox (badness 10000) in paragraph at lines 232--233
\OT1/cmr/m/n/10.95 bet-ter ac-

Underfull \hbox (badness 10000) in paragraph at lines 232--233
\OT1/cmr/m/n/10.95 cu-racy, but

Underfull \hbox (badness 4846) in paragraph at lines 232--233
\OT1/cmr/m/n/10.95 out of time
 [8] [9{/usr/local/texlive/2026/texmf-dist/fonts/enc/dvips/cm-super/cm-super-ts
1.enc}] [10 <./Images/JimmyDraft/image6.png> <./Images/JimmyDraft/image7.png>]
Underfull \hbox (badness 3965) in paragraph at lines 279--279
[]|\OT1/cmr/m/n/10.95 Specific Data (quoted from

Underfull \hbox (badness 1635) in paragraph at lines 292--293
[]|\OT1/cmr/m/n/10.95 This can af-fect-the per-ceived

Underfull \hbox (badness 1052) in paragraph at lines 292--293
\OT1/cmr/m/n/10.95 pro-mise the data and in-tro-

Underfull \hbox (badness 4967) in paragraph at lines 292--293
\OT1/cmr/m/n/10.95 that pair, would be more

Underfull \hbox (badness 1052) in paragraph at lines 292--293
\OT1/cmr/m/n/10.95 closerto the cen-ter than the
[11] [12 <./Images/JimmyDraft/image8.jpg>] [13] [14] [15] [16]
(./Jimmy_Final_Draft_check.aux) )
(see the transcript file for additional information)</usr/local/texlive/2026/te
xmf-dist/fonts/type1/public/amsfonts/cm/cmbx10.pfb></usr/local/texlive/2026/tex
mf-dist/fonts/type1/public/amsfonts/cm/cmbx12.pfb></usr/local/texlive/2026/texm
f-dist/fonts/type1/public/amsfonts/cm/cmex10.pfb></usr/local/texlive/2026/texmf
-dist/fonts/type1/public/amsfonts/cm/cmmi10.pfb></usr/local/texlive/2026/texmf-
dist/fonts/type1/public/amsfonts/cm/cmr10.pfb></usr/local/texlive/2026/texmf-di
st/fonts/type1/public/amsfonts/cm/cmsy10.pfb></usr/local/texlive/2026/texmf-dis
t/fonts/type1/public/cm-super/sfrm1095.pfb>
Output written on Jimmy_Final_Draft_check.pdf (16 pages, 3887249 bytes).
Transcript written on Jimmy_Final_Draft_check.log.
